<?xml version="1.0"?>
<link_info>
   <banner>TMS320C6x Linker PC v7.4.1</banner>
   <copyright>Copyright (c) 1996-2012 Texas Instruments Incorporated</copyright>
   <link_time>0x5993bcae</link_time>
   <output_file>main_6678_send.out</output_file>
   <entry_point>
      <name>_c_int00</name>
      <address>0x812d00</address>
   </entry_point>
   <input_file_list>
      <input_file id="fl-2">
         <path>.\</path>
         <kind>object</kind>
         <file>spi_norflash.obj</file>
         <name>spi_norflash.obj</name>
      </input_file>
      <input_file id="fl-3">
         <path>.\</path>
         <kind>object</kind>
         <file>main.obj</file>
         <name>main.obj</name>
      </input_file>
      <input_file id="fl-d">
         <path>F:\CHIP\C6678\C6678_Lib\PublishEdition\1701_1706\TI_c6678cbb_Dri_v1.18\1_Program\TI_c6678cbb_Dri_v1.18\2_Lib_Ref\3_Demo\little_endian\main_vpx\send\</path>
         <kind>archive</kind>
         <file>c6678_2dsp_ddr3_vpx_lib.lib</file>
         <name>timecounter.obj</name>
      </input_file>
      <input_file id="fl-e">
         <path>F:\CHIP\C6678\C6678_Lib\PublishEdition\1701_1706\TI_c6678cbb_Dri_v1.18\1_Program\TI_c6678cbb_Dri_v1.18\2_Lib_Ref\3_Demo\little_endian\main_vpx\send\</path>
         <kind>archive</kind>
         <file>c6678_2dsp_ddr3_vpx_lib.lib</file>
         <name>pll.obj</name>
      </input_file>
      <input_file id="fl-f">
         <path>F:\CHIP\C6678\C6678_Lib\PublishEdition\1701_1706\TI_c6678cbb_Dri_v1.18\1_Program\TI_c6678cbb_Dri_v1.18\2_Lib_Ref\3_Demo\little_endian\main_vpx\send\</path>
         <kind>archive</kind>
         <file>c6678_2dsp_ddr3_vpx_lib.lib</file>
         <name>other.obj</name>
      </input_file>
      <input_file id="fl-10">
         <path>F:\CHIP\C6678\C6678_Lib\PublishEdition\1701_1706\TI_c6678cbb_Dri_v1.18\1_Program\TI_c6678cbb_Dri_v1.18\2_Lib_Ref\3_Demo\little_endian\main_vpx\send\</path>
         <kind>archive</kind>
         <file>c6678_2dsp_ddr3_vpx_lib.lib</file>
         <name>cache.obj</name>
      </input_file>
      <input_file id="fl-88">
         <path>C:\ti\ccsv5\tools\compiler\c6000_7.4.1\lib\</path>
         <kind>archive</kind>
         <file>rts6600_elf.lib</file>
         <name>boot.obj</name>
      </input_file>
      <input_file id="fl-89">
         <path>C:\ti\ccsv5\tools\compiler\c6000_7.4.1\lib\</path>
         <kind>archive</kind>
         <file>rts6600_elf.lib</file>
         <name>copy_decompress_none.obj</name>
      </input_file>
      <input_file id="fl-8a">
         <path>C:\ti\ccsv5\tools\compiler\c6000_7.4.1\lib\</path>
         <kind>archive</kind>
         <file>rts6600_elf.lib</file>
         <name>copy_decompress_rle.obj</name>
      </input_file>
      <input_file id="fl-8b">
         <path>C:\ti\ccsv5\tools\compiler\c6000_7.4.1\lib\</path>
         <kind>archive</kind>
         <file>rts6600_elf.lib</file>
         <name>copy_zero_init.obj</name>
      </input_file>
      <input_file id="fl-8c">
         <path>C:\ti\ccsv5\tools\compiler\c6000_7.4.1\lib\</path>
         <kind>archive</kind>
         <file>rts6600_elf.lib</file>
         <name>divu.obj</name>
      </input_file>
      <input_file id="fl-8d">
         <path>C:\ti\ccsv5\tools\compiler\c6000_7.4.1\lib\</path>
         <kind>archive</kind>
         <file>rts6600_elf.lib</file>
         <name>exit.obj</name>
      </input_file>
      <input_file id="fl-8e">
         <path>C:\ti\ccsv5\tools\compiler\c6000_7.4.1\lib\</path>
         <kind>archive</kind>
         <file>rts6600_elf.lib</file>
         <name>imath64.obj</name>
      </input_file>
      <input_file id="fl-8f">
         <path>C:\ti\ccsv5\tools\compiler\c6000_7.4.1\lib\</path>
         <kind>archive</kind>
         <file>rts6600_elf.lib</file>
         <name>llshift.obj</name>
      </input_file>
      <input_file id="fl-90">
         <path>C:\ti\ccsv5\tools\compiler\c6000_7.4.1\lib\</path>
         <kind>archive</kind>
         <file>rts6600_elf.lib</file>
         <name>memcpy64.obj</name>
      </input_file>
      <input_file id="fl-91">
         <path>C:\ti\ccsv5\tools\compiler\c6000_7.4.1\lib\</path>
         <kind>archive</kind>
         <file>rts6600_elf.lib</file>
         <name>memset.obj</name>
      </input_file>
      <input_file id="fl-92">
         <path>C:\ti\ccsv5\tools\compiler\c6000_7.4.1\lib\</path>
         <kind>archive</kind>
         <file>rts6600_elf.lib</file>
         <name>negll.obj</name>
      </input_file>
      <input_file id="fl-93">
         <path>C:\ti\ccsv5\tools\compiler\c6000_7.4.1\lib\</path>
         <kind>archive</kind>
         <file>rts6600_elf.lib</file>
         <name>printf.obj</name>
      </input_file>
      <input_file id="fl-94">
         <path>C:\ti\ccsv5\tools\compiler\c6000_7.4.1\lib\</path>
         <kind>archive</kind>
         <file>rts6600_elf.lib</file>
         <name>remu.obj</name>
      </input_file>
      <input_file id="fl-95">
         <path>C:\ti\ccsv5\tools\compiler\c6000_7.4.1\lib\</path>
         <kind>archive</kind>
         <file>rts6600_elf.lib</file>
         <name>_lock.obj</name>
      </input_file>
      <input_file id="fl-96">
         <path>C:\ti\ccsv5\tools\compiler\c6000_7.4.1\lib\</path>
         <kind>archive</kind>
         <file>rts6600_elf.lib</file>
         <name>_printfi.obj</name>
      </input_file>
      <input_file id="fl-97">
         <path>C:\ti\ccsv5\tools\compiler\c6000_7.4.1\lib\</path>
         <kind>archive</kind>
         <file>rts6600_elf.lib</file>
         <name>abs.obj</name>
      </input_file>
      <input_file id="fl-98">
         <path>C:\ti\ccsv5\tools\compiler\c6000_7.4.1\lib\</path>
         <kind>archive</kind>
         <file>rts6600_elf.lib</file>
         <name>args_main.obj</name>
      </input_file>
      <input_file id="fl-99">
         <path>C:\ti\ccsv5\tools\compiler\c6000_7.4.1\lib\</path>
         <kind>archive</kind>
         <file>rts6600_elf.lib</file>
         <name>atoi.obj</name>
      </input_file>
      <input_file id="fl-9a">
         <path>C:\ti\ccsv5\tools\compiler\c6000_7.4.1\lib\</path>
         <kind>archive</kind>
         <file>rts6600_elf.lib</file>
         <name>autoinit.obj</name>
      </input_file>
      <input_file id="fl-9b">
         <path>C:\ti\ccsv5\tools\compiler\c6000_7.4.1\lib\</path>
         <kind>archive</kind>
         <file>rts6600_elf.lib</file>
         <name>cpp_init.obj</name>
      </input_file>
      <input_file id="fl-9c">
         <path>C:\ti\ccsv5\tools\compiler\c6000_7.4.1\lib\</path>
         <kind>archive</kind>
         <file>rts6600_elf.lib</file>
         <name>cpy_tbl.obj</name>
      </input_file>
      <input_file id="fl-9d">
         <path>C:\ti\ccsv5\tools\compiler\c6000_7.4.1\lib\</path>
         <kind>archive</kind>
         <file>rts6600_elf.lib</file>
         <name>ctype.obj</name>
      </input_file>
      <input_file id="fl-9e">
         <path>C:\ti\ccsv5\tools\compiler\c6000_7.4.1\lib\</path>
         <kind>archive</kind>
         <file>rts6600_elf.lib</file>
         <name>defs.obj</name>
      </input_file>
      <input_file id="fl-9f">
         <path>C:\ti\ccsv5\tools\compiler\c6000_7.4.1\lib\</path>
         <kind>archive</kind>
         <file>rts6600_elf.lib</file>
         <name>divd.obj</name>
      </input_file>
      <input_file id="fl-a0">
         <path>C:\ti\ccsv5\tools\compiler\c6000_7.4.1\lib\</path>
         <kind>archive</kind>
         <file>rts6600_elf.lib</file>
         <name>fputc.obj</name>
      </input_file>
      <input_file id="fl-a1">
         <path>C:\ti\ccsv5\tools\compiler\c6000_7.4.1\lib\</path>
         <kind>archive</kind>
         <file>rts6600_elf.lib</file>
         <name>fputs.obj</name>
      </input_file>
      <input_file id="fl-a2">
         <path>C:\ti\ccsv5\tools\compiler\c6000_7.4.1\lib\</path>
         <kind>archive</kind>
         <file>rts6600_elf.lib</file>
         <name>frcmpyd_div.obj</name>
      </input_file>
      <input_file id="fl-a3">
         <path>C:\ti\ccsv5\tools\compiler\c6000_7.4.1\lib\</path>
         <kind>archive</kind>
         <file>rts6600_elf.lib</file>
         <name>imath40.obj</name>
      </input_file>
      <input_file id="fl-a4">
         <path>C:\ti\ccsv5\tools\compiler\c6000_7.4.1\lib\</path>
         <kind>archive</kind>
         <file>rts6600_elf.lib</file>
         <name>isinf.obj</name>
      </input_file>
      <input_file id="fl-a5">
         <path>C:\ti\ccsv5\tools\compiler\c6000_7.4.1\lib\</path>
         <kind>archive</kind>
         <file>rts6600_elf.lib</file>
         <name>lowlev.obj</name>
      </input_file>
      <input_file id="fl-a6">
         <path>C:\ti\ccsv5\tools\compiler\c6000_7.4.1\lib\</path>
         <kind>archive</kind>
         <file>rts6600_elf.lib</file>
         <name>ltoa.obj</name>
      </input_file>
      <input_file id="fl-a7">
         <path>C:\ti\ccsv5\tools\compiler\c6000_7.4.1\lib\</path>
         <kind>archive</kind>
         <file>rts6600_elf.lib</file>
         <name>memccpy.obj</name>
      </input_file>
      <input_file id="fl-a8">
         <path>C:\ti\ccsv5\tools\compiler\c6000_7.4.1\lib\</path>
         <kind>archive</kind>
         <file>rts6600_elf.lib</file>
         <name>tls.obj</name>
      </input_file>
      <input_file id="fl-a9">
         <path>C:\ti\ccsv5\tools\compiler\c6000_7.4.1\lib\</path>
         <kind>archive</kind>
         <file>rts6600_elf.lib</file>
         <name>tls_get_tp.obj</name>
      </input_file>
      <input_file id="fl-aa">
         <path>C:\ti\ccsv5\tools\compiler\c6000_7.4.1\lib\</path>
         <kind>archive</kind>
         <file>rts6600_elf.lib</file>
         <name>trgdrv.obj</name>
      </input_file>
      <input_file id="fl-ab">
         <path>C:\ti\ccsv5\tools\compiler\c6000_7.4.1\lib\</path>
         <kind>archive</kind>
         <file>rts6600_elf.lib</file>
         <name>trgmsg.obj</name>
      </input_file>
      <input_file id="fl-ac">
         <path>C:\ti\ccsv5\tools\compiler\c6000_7.4.1\lib\</path>
         <kind>archive</kind>
         <file>rts6600_elf.lib</file>
         <name>_io_perm.obj</name>
      </input_file>
      <input_file id="fl-ad">
         <path>C:\ti\ccsv5\tools\compiler\c6000_7.4.1\lib\</path>
         <kind>archive</kind>
         <file>rts6600_elf.lib</file>
         <name>fflush.obj</name>
      </input_file>
      <input_file id="fl-ae">
         <path>C:\ti\ccsv5\tools\compiler\c6000_7.4.1\lib\</path>
         <kind>archive</kind>
         <file>rts6600_elf.lib</file>
         <name>fseek.obj</name>
      </input_file>
      <input_file id="fl-af">
         <path>C:\ti\ccsv5\tools\compiler\c6000_7.4.1\lib\</path>
         <kind>archive</kind>
         <file>rts6600_elf.lib</file>
         <name>setvbuf.obj</name>
      </input_file>
      <input_file id="fl-b0">
         <path>C:\ti\ccsv5\tools\compiler\c6000_7.4.1\lib\</path>
         <kind>archive</kind>
         <file>rts6600_elf.lib</file>
         <name>fopen.obj</name>
      </input_file>
      <input_file id="fl-b1">
         <path>C:\ti\ccsv5\tools\compiler\c6000_7.4.1\lib\</path>
         <kind>archive</kind>
         <file>rts6600_elf.lib</file>
         <name>memory.obj</name>
      </input_file>
      <input_file id="fl-b2">
         <path>C:\ti\ccsv5\tools\compiler\c6000_7.4.1\lib\</path>
         <kind>archive</kind>
         <file>rts6600_elf.lib</file>
         <name>fclose.obj</name>
      </input_file>
      <input_file id="fl-b3">
         <path>C:\ti\ccsv5\tools\compiler\c6000_7.4.1\lib\</path>
         <kind>archive</kind>
         <file>rts6600_elf.lib</file>
         <name>remove.obj</name>
      </input_file>
      <input_file id="fl-b4">
         <path>C:\ti\pdk_C6678_1_1_2_5\packages\ti\csl\lib\</path>
         <kind>archive</kind>
         <file>ti.csl.ae66</file>
         <name>csl_chip.oe66</name>
      </input_file>
      <input_file id="fl-b5">
         <path>C:\ti\pdk_C6678_1_1_2_5\packages\ti\csl\lib\</path>
         <kind>archive</kind>
         <file>ti.csl.ae66</file>
         <name>csl_tsc.oe66</name>
      </input_file>
   </input_file_list>
   <object_component_list>
      <object_component id="oc-c9">
         <name>.text</name>
         <load_address>0x80a000</load_address>
         <run_address>0x80a000</run_address>
         <size>0x1280</size>
         <input_file_ref idref="fl-10"/>
      </object_component>
      <object_component id="oc-c4">
         <name>.text</name>
         <load_address>0x80b280</load_address>
         <run_address>0x80b280</run_address>
         <size>0xc00</size>
         <input_file_ref idref="fl-2"/>
      </object_component>
      <object_component id="oc-b1">
         <name>.text</name>
         <load_address>0x80be80</load_address>
         <run_address>0x80be80</run_address>
         <size>0x7c0</size>
         <input_file_ref idref="fl-e"/>
      </object_component>
      <object_component id="oc-4d8">
         <name>.text:__c6xabi_divd</name>
         <load_address>0x80c640</load_address>
         <run_address>0x80c640</run_address>
         <size>0x5c0</size>
         <input_file_ref idref="fl-9f"/>
      </object_component>
      <object_component id="oc-482">
         <name>.text:_getarg_diouxp</name>
         <load_address>0x80cc00</load_address>
         <run_address>0x80cc00</run_address>
         <size>0x5c0</size>
         <input_file_ref idref="fl-96"/>
      </object_component>
      <object_component id="oc-6e">
         <name>.text</name>
         <load_address>0x80d1c0</load_address>
         <run_address>0x80d1c0</run_address>
         <size>0x500</size>
         <input_file_ref idref="fl-3"/>
      </object_component>
      <object_component id="oc-132">
         <name>.text:_printfi</name>
         <load_address>0x80d6c0</load_address>
         <run_address>0x80d6c0</run_address>
         <size>0x460</size>
         <input_file_ref idref="fl-96"/>
      </object_component>
      <object_component id="oc-29c">
         <name>.text:_setfield</name>
         <load_address>0x80db20</load_address>
         <run_address>0x80db20</run_address>
         <size>0x460</size>
         <input_file_ref idref="fl-96"/>
      </object_component>
      <object_component id="oc-ba">
         <name>.text</name>
         <load_address>0x80df80</load_address>
         <run_address>0x80df80</run_address>
         <size>0x460</size>
         <input_file_ref idref="fl-f"/>
      </object_component>
      <object_component id="oc-28a">
         <name>.text:fputs</name>
         <load_address>0x80e3e0</load_address>
         <run_address>0x80e3e0</run_address>
         <size>0x3a0</size>
         <input_file_ref idref="fl-a1"/>
      </object_component>
      <object_component id="oc-439">
         <name>.text:_pproc_fge</name>
         <load_address>0x80e780</load_address>
         <run_address>0x80e780</run_address>
         <size>0x320</size>
         <input_file_ref idref="fl-96"/>
      </object_component>
      <object_component id="oc-298">
         <name>.text:_pproc_fwp</name>
         <load_address>0x80eaa0</load_address>
         <run_address>0x80eaa0</run_address>
         <size>0x2e0</size>
         <input_file_ref idref="fl-96"/>
      </object_component>
      <object_component id="oc-4cf">
         <name>.text:fcvt</name>
         <load_address>0x80ed80</load_address>
         <run_address>0x80ed80</run_address>
         <size>0x2a0</size>
         <input_file_ref idref="fl-96"/>
      </object_component>
      <object_component id="oc-4c2">
         <name>.text:ecvt</name>
         <load_address>0x80f020</load_address>
         <run_address>0x80f020</run_address>
         <size>0x280</size>
         <input_file_ref idref="fl-96"/>
      </object_component>
      <object_component id="oc-49d">
         <name>.text:free</name>
         <load_address>0x80f2a0</load_address>
         <run_address>0x80f2a0</run_address>
         <size>0x280</size>
         <input_file_ref idref="fl-b1"/>
      </object_component>
      <object_component id="oc-ce">
         <name>.text:__c6xabi_divull</name>
         <load_address>0x80f520</load_address>
         <run_address>0x80f520</run_address>
         <size>0x240</size>
         <input_file_ref idref="fl-8e"/>
      </object_component>
      <object_component id="oc-47d">
         <name>.text:_pconv_e</name>
         <load_address>0x80f760</load_address>
         <run_address>0x80f760</run_address>
         <size>0x240</size>
         <input_file_ref idref="fl-96"/>
      </object_component>
      <object_component id="oc-43d">
         <name>.text:_pproc_diouxp</name>
         <load_address>0x80f9a0</load_address>
         <run_address>0x80f9a0</run_address>
         <size>0x240</size>
         <input_file_ref idref="fl-96"/>
      </object_component>
      <object_component id="oc-2a0">
         <name>.text:_pproc_str</name>
         <load_address>0x80fbe0</load_address>
         <run_address>0x80fbe0</run_address>
         <size>0x220</size>
         <input_file_ref idref="fl-96"/>
      </object_component>
      <object_component id="oc-28f">
         <name>.text:fputc</name>
         <load_address>0x80fe00</load_address>
         <run_address>0x80fe00</run_address>
         <size>0x220</size>
         <input_file_ref idref="fl-a0"/>
      </object_component>
      <object_component id="oc-475">
         <name>.text:_pconv_g</name>
         <load_address>0x810020</load_address>
         <run_address>0x810020</run_address>
         <size>0x200</size>
         <input_file_ref idref="fl-96"/>
      </object_component>
      <object_component id="oc-454">
         <name>.text:setvbuf</name>
         <load_address>0x810220</load_address>
         <run_address>0x810220</run_address>
         <size>0x200</size>
         <input_file_ref idref="fl-af"/>
      </object_component>
      <object_component id="oc-4ca">
         <name>.text:_mcpy</name>
         <load_address>0x810420</load_address>
         <run_address>0x810420</run_address>
         <size>0x1c0</size>
         <input_file_ref idref="fl-96"/>
      </object_component>
      <object_component id="oc-524">
         <name>.text:HOSTrename</name>
         <load_address>0x8105e0</load_address>
         <run_address>0x8105e0</run_address>
         <size>0x1a0</size>
         <input_file_ref idref="fl-aa"/>
      </object_component>
      <object_component id="oc-53a">
         <name>.text:__c6xabi_divul</name>
         <load_address>0x810780</load_address>
         <run_address>0x810780</run_address>
         <size>0x1a0</size>
         <input_file_ref idref="fl-a3"/>
      </object_component>
      <object_component id="oc-50">
         <name>.text:__TI_decompress_rle_core</name>
         <load_address>0x810920</load_address>
         <run_address>0x810920</run_address>
         <size>0x180</size>
         <input_file_ref idref="fl-8a"/>
      </object_component>
      <object_component id="oc-4a1">
         <name>.text:malloc</name>
         <load_address>0x810aa0</load_address>
         <run_address>0x810aa0</run_address>
         <size>0x180</size>
         <input_file_ref idref="fl-b1"/>
      </object_component>
      <object_component id="oc-ad">
         <name>.text:CSL_chipReadReg</name>
         <load_address>0x810c20</load_address>
         <run_address>0x810c20</run_address>
         <size>0x140</size>
         <input_file_ref idref="fl-b4"/>
      </object_component>
      <object_component id="oc-294">
         <name>.text:_pproc_fflags</name>
         <load_address>0x810d60</load_address>
         <run_address>0x810d60</run_address>
         <size>0x140</size>
         <input_file_ref idref="fl-96"/>
      </object_component>
      <object_component id="oc-56e">
         <name>.text:getdevice</name>
         <load_address>0x810ea0</load_address>
         <run_address>0x810ea0</run_address>
         <size>0x140</size>
         <input_file_ref idref="fl-a5"/>
      </object_component>
      <object_component id="oc-4f5">
         <name>.text:_closefile</name>
         <load_address>0x810fe0</load_address>
         <run_address>0x810fe0</run_address>
         <size>0x120</size>
         <input_file_ref idref="fl-b2"/>
      </object_component>
      <object_component id="oc-48a">
         <name>.text:_ltostr</name>
         <load_address>0x811100</load_address>
         <run_address>0x811100</run_address>
         <size>0x120</size>
         <input_file_ref idref="fl-96"/>
      </object_component>
      <object_component id="oc-450">
         <name>.text:fseek</name>
         <load_address>0x811220</load_address>
         <run_address>0x811220</run_address>
         <size>0x120</size>
         <input_file_ref idref="fl-ae"/>
      </object_component>
      <object_component id="oc-51c">
         <name>.text:HOSTlseek</name>
         <load_address>0x811340</load_address>
         <run_address>0x811340</run_address>
         <size>0x100</size>
         <input_file_ref idref="fl-aa"/>
      </object_component>
      <object_component id="oc-33">
         <name>.text:_auto_init_elf</name>
         <load_address>0x811440</load_address>
         <run_address>0x811440</run_address>
         <size>0x100</size>
         <input_file_ref idref="fl-9a"/>
      </object_component>
      <object_component id="oc-423">
         <name>.text:_wrt_ok</name>
         <load_address>0x811540</load_address>
         <run_address>0x811540</run_address>
         <size>0x100</size>
         <input_file_ref idref="fl-ac"/>
      </object_component>
      <object_component id="oc-61">
         <name>.text:copy_in</name>
         <load_address>0x811640</load_address>
         <run_address>0x811640</run_address>
         <size>0x100</size>
         <input_file_ref idref="fl-9c"/>
      </object_component>
      <object_component id="oc-50c">
         <name>.text:HOSTopen</name>
         <load_address>0x811740</load_address>
         <run_address>0x811740</run_address>
         <size>0xe0</size>
         <input_file_ref idref="fl-aa"/>
      </object_component>
      <object_component id="oc-4e9">
         <name>.text:_div</name>
         <load_address>0x811820</load_address>
         <run_address>0x811820</run_address>
         <size>0xe0</size>
         <input_file_ref idref="fl-96"/>
      </object_component>
      <object_component id="oc-434">
         <name>.text:atoi</name>
         <load_address>0x811900</load_address>
         <run_address>0x811900</run_address>
         <size>0xe0</size>
         <input_file_ref idref="fl-99"/>
      </object_component>
      <object_component id="oc-bf">
         <name>.text</name>
         <load_address>0x8119e0</load_address>
         <run_address>0x8119e0</run_address>
         <size>0xe0</size>
         <input_file_ref idref="fl-d"/>
      </object_component>
      <object_component id="oc-541">
         <name>.text:close</name>
         <load_address>0x811ac0</load_address>
         <run_address>0x811ac0</run_address>
         <size>0xe0</size>
         <input_file_ref idref="fl-a5"/>
      </object_component>
      <object_component id="oc-27">
         <name>.text:decompress:ZI:__TI_zero_init</name>
         <load_address>0x811ba0</load_address>
         <run_address>0x811ba0</run_address>
         <size>0xe0</size>
         <input_file_ref idref="fl-8b"/>
      </object_component>
      <object_component id="oc-52c">
         <name>.text:ltoa</name>
         <load_address>0x811c80</load_address>
         <run_address>0x811c80</run_address>
         <size>0xe0</size>
         <input_file_ref idref="fl-a6"/>
      </object_component>
      <object_component id="oc-103">
         <name>.text:memset</name>
         <load_address>0x811d60</load_address>
         <run_address>0x811d60</run_address>
         <size>0xe0</size>
         <input_file_ref idref="fl-91"/>
      </object_component>
      <object_component id="oc-b6">
         <name>.text:printf</name>
         <load_address>0x811e40</load_address>
         <run_address>0x811e40</run_address>
         <size>0xe0</size>
         <input_file_ref idref="fl-93"/>
      </object_component>
      <object_component id="oc-514">
         <name>.text:HOSTread</name>
         <load_address>0x811f20</load_address>
         <run_address>0x811f20</run_address>
         <size>0xc0</size>
         <input_file_ref idref="fl-aa"/>
      </object_component>
      <object_component id="oc-520">
         <name>.text:HOSTunlink</name>
         <load_address>0x811fe0</load_address>
         <run_address>0x811fe0</run_address>
         <size>0xc0</size>
         <input_file_ref idref="fl-aa"/>
      </object_component>
      <object_component id="oc-518">
         <name>.text:HOSTwrite</name>
         <load_address>0x8120a0</load_address>
         <run_address>0x8120a0</run_address>
         <size>0xc0</size>
         <input_file_ref idref="fl-aa"/>
      </object_component>
      <object_component id="oc-107">
         <name>.text:__divu</name>
         <load_address>0x812160</load_address>
         <run_address>0x812160</run_address>
         <size>0xc0</size>
         <input_file_ref idref="fl-8c"/>
      </object_component>
      <object_component id="oc-427">
         <name>.text:_doflush</name>
         <load_address>0x812220</load_address>
         <run_address>0x812220</run_address>
         <size>0xc0</size>
         <input_file_ref idref="fl-ad"/>
      </object_component>
      <object_component id="oc-3b">
         <name>.text:exit</name>
         <load_address>0x8122e0</load_address>
         <run_address>0x8122e0</run_address>
         <size>0xc0</size>
         <input_file_ref idref="fl-8d"/>
      </object_component>
      <object_component id="oc-65">
         <name>.text:tls:init:__TI_tls_init</name>
         <load_address>0x8123a0</load_address>
         <run_address>0x8123a0</run_address>
         <size>0xc0</size>
         <input_file_ref idref="fl-a8"/>
      </object_component>
      <object_component id="oc-510">
         <name>.text:HOSTclose</name>
         <load_address>0x812460</load_address>
         <run_address>0x812460</run_address>
         <size>0xa0</size>
         <input_file_ref idref="fl-aa"/>
      </object_component>
      <object_component id="oc-157">
         <name>.text:__remu</name>
         <load_address>0x812500</load_address>
         <run_address>0x812500</run_address>
         <size>0xa0</size>
         <input_file_ref idref="fl-94"/>
      </object_component>
      <object_component id="oc-499">
         <name>.text:_cleanup</name>
         <load_address>0x8125a0</load_address>
         <run_address>0x8125a0</run_address>
         <size>0xa0</size>
         <input_file_ref idref="fl-b0"/>
      </object_component>
      <object_component id="oc-4c6">
         <name>.text:_ecpy</name>
         <load_address>0x812640</load_address>
         <run_address>0x812640</run_address>
         <size>0xa0</size>
         <input_file_ref idref="fl-96"/>
      </object_component>
      <object_component id="oc-4d3">
         <name>.text:_fcpy</name>
         <load_address>0x8126e0</load_address>
         <run_address>0x8126e0</run_address>
         <size>0xa0</size>
         <input_file_ref idref="fl-96"/>
      </object_component>
      <object_component id="oc-505">
         <name>.text:_minit</name>
         <load_address>0x812780</load_address>
         <run_address>0x812780</run_address>
         <size>0xa0</size>
         <input_file_ref idref="fl-b1"/>
      </object_component>
      <object_component id="oc-479">
         <name>.text:_pconv_f</name>
         <load_address>0x812820</load_address>
         <run_address>0x812820</run_address>
         <size>0xa0</size>
         <input_file_ref idref="fl-96"/>
      </object_component>
      <object_component id="oc-582">
         <name>.text:finddevice</name>
         <load_address>0x8128c0</load_address>
         <run_address>0x8128c0</run_address>
         <size>0xa0</size>
         <input_file_ref idref="fl-a5"/>
      </object_component>
      <object_component id="oc-493">
         <name>.text:lseek</name>
         <load_address>0x812960</load_address>
         <run_address>0x812960</run_address>
         <size>0xa0</size>
         <input_file_ref idref="fl-a5"/>
      </object_component>
      <object_component id="oc-40">
         <name>.text:memcpy</name>
         <load_address>0x812a00</load_address>
         <run_address>0x812a00</run_address>
         <size>0xa0</size>
         <input_file_ref idref="fl-90"/>
      </object_component>
      <object_component id="oc-500">
         <name>.text:minsert</name>
         <load_address>0x812aa0</load_address>
         <run_address>0x812aa0</run_address>
         <size>0xa0</size>
         <input_file_ref idref="fl-b1"/>
      </object_component>
      <object_component id="oc-4fc">
         <name>.text:mremove</name>
         <load_address>0x812b40</load_address>
         <run_address>0x812b40</run_address>
         <size>0xa0</size>
         <input_file_ref idref="fl-b1"/>
      </object_component>
      <object_component id="oc-42b">
         <name>.text:write</name>
         <load_address>0x812be0</load_address>
         <run_address>0x812be0</run_address>
         <size>0xa0</size>
         <input_file_ref idref="fl-a5"/>
      </object_component>
      <object_component id="oc-162">
         <name>.text:__c6xabi_llshl</name>
         <load_address>0x812c80</load_address>
         <run_address>0x812c80</run_address>
         <size>0x80</size>
         <input_file_ref idref="fl-8f"/>
      </object_component>
      <object_component id="oc-1f">
         <name>.text:_c_int00</name>
         <load_address>0x812d00</load_address>
         <run_address>0x812d00</run_address>
         <size>0x80</size>
         <input_file_ref idref="fl-88"/>
      </object_component>
      <object_component id="oc-558">
         <name>.text:readmsg</name>
         <load_address>0x812d80</load_address>
         <run_address>0x812d80</run_address>
         <size>0x80</size>
         <input_file_ref idref="fl-ab"/>
      </object_component>
      <object_component id="oc-545">
         <name>.text:unlink</name>
         <load_address>0x812e00</load_address>
         <run_address>0x812e00</run_address>
         <size>0x80</size>
         <input_file_ref idref="fl-a5"/>
      </object_component>
      <object_component id="oc-69">
         <name>.text:__TI_cpp_init</name>
         <load_address>0x812e80</load_address>
         <run_address>0x812e80</run_address>
         <size>0x60</size>
         <input_file_ref idref="fl-9b"/>
      </object_component>
      <object_component id="oc-535">
         <name>.text:__c6xabi_frcmpyd_div</name>
         <load_address>0x812ee0</load_address>
         <run_address>0x812ee0</run_address>
         <size>0x60</size>
         <input_file_ref idref="fl-a2"/>
      </object_component>
      <object_component id="oc-16a">
         <name>.text:__c6xabi_llshru</name>
         <load_address>0x812f40</load_address>
         <run_address>0x812f40</run_address>
         <size>0x60</size>
         <input_file_ref idref="fl-8f"/>
      </object_component>
      <object_component id="oc-166">
         <name>.text:_subcull</name>
         <load_address>0x812fa0</load_address>
         <run_address>0x812fa0</run_address>
         <size>0x60</size>
         <input_file_ref idref="fl-8e"/>
      </object_component>
      <object_component id="oc-441">
         <name>.text:memccpy</name>
         <load_address>0x813000</load_address>
         <run_address>0x813000</run_address>
         <size>0x60</size>
         <input_file_ref idref="fl-a7"/>
      </object_component>
      <object_component id="oc-554">
         <name>.text:writemsg</name>
         <load_address>0x813060</load_address>
         <run_address>0x813060</run_address>
         <size>0x60</size>
         <input_file_ref idref="fl-ab"/>
      </object_component>
      <object_component id="oc-471">
         <name>.text:__c6xabi_isinf</name>
         <load_address>0x8130c0</load_address>
         <run_address>0x8130c0</run_address>
         <size>0x40</size>
         <input_file_ref idref="fl-a4"/>
      </object_component>
      <object_component id="oc-46d">
         <name>.text:__c6xabi_isnan</name>
         <load_address>0x813100</load_address>
         <run_address>0x813100</run_address>
         <size>0x40</size>
         <input_file_ref idref="fl-96"/>
      </object_component>
      <object_component id="oc-37">
         <name>.text:_args_main</name>
         <load_address>0x813140</load_address>
         <run_address>0x813140</run_address>
         <size>0x40</size>
         <input_file_ref idref="fl-98"/>
      </object_component>
      <object_component id="oc-486">
         <name>.text:__c6xabi_negll</name>
         <load_address>0x813180</load_address>
         <run_address>0x813180</run_address>
         <size>0x20</size>
         <input_file_ref idref="fl-92"/>
      </object_component>
      <object_component id="oc-280">
         <name>.text:_nop</name>
         <load_address>0x8131a0</load_address>
         <run_address>0x8131a0</run_address>
         <size>0x20</size>
         <input_file_ref idref="fl-95"/>
      </object_component>
      <object_component id="oc-12e">
         <name>.text:_outc</name>
         <load_address>0x8131c0</load_address>
         <run_address>0x8131c0</run_address>
         <size>0x20</size>
         <input_file_ref idref="fl-93"/>
      </object_component>
      <object_component id="oc-12a">
         <name>.text:_outs</name>
         <load_address>0x8131e0</load_address>
         <run_address>0x8131e0</run_address>
         <size>0x20</size>
         <input_file_ref idref="fl-93"/>
      </object_component>
      <object_component id="oc-7b">
         <name>.text:abort</name>
         <load_address>0x813200</load_address>
         <run_address>0x813200</run_address>
         <size>0x20</size>
         <input_file_ref idref="fl-8d"/>
      </object_component>
      <object_component id="oc-149">
         <name>.text:cslsys_section:tsc</name>
         <load_address>0x813220</load_address>
         <run_address>0x813220</run_address>
         <size>0x20</size>
         <input_file_ref idref="fl-b5"/>
      </object_component>
      <object_component id="oc-23">
         <name>.text:decompress:none:__TI_decompress_none</name>
         <load_address>0x813240</load_address>
         <run_address>0x813240</run_address>
         <size>0x20</size>
         <input_file_ref idref="fl-89"/>
      </object_component>
      <object_component id="oc-2b">
         <name>.text:decompress:rle24:__TI_decompress_rle24</name>
         <load_address>0x813260</load_address>
         <run_address>0x813260</run_address>
         <size>0x20</size>
         <input_file_ref idref="fl-8a"/>
      </object_component>
      <object_component id="oc-d3">
         <name>.neardata</name>
         <load_address>0x813bc8</load_address>
         <run_address>0x813bc8</run_address>
         <size>0x10</size>
         <input_file_ref idref="fl-3"/>
      </object_component>
      <object_component id="oc-14e">
         <name>.bss</name>
         <uninitialized>true</uninitialized>
         <run_address>0x813bd8</run_address>
         <size>0x4</size>
         <input_file_ref idref="fl-2"/>
      </object_component>
      <object_component id="oc-2f">
         <name>.stack</name>
         <uninitialized>true</uninitialized>
         <run_address>0x800000</run_address>
         <size>0x8</size>
         <input_file_ref idref="fl-88"/>
      </object_component>
      <object_component id="oc-5bd">
         <name>.stack</name>
         <uninitialized>true</uninitialized>
         <run_address>0x800000</run_address>
         <size>0x0</size>
      </object_component>
      <object_component id="oc-5bc">
         <name>.cinit..fardata.load</name>
         <load_address>0x813bdc</load_address>
         <run_address>0x813bdc</run_address>
         <size>0x6d</size>
      </object_component>
      <object_component id="oc-5b7">
         <name>__TI_handler_table</name>
         <load_address>0x813c4c</load_address>
         <run_address>0x813c4c</run_address>
         <size>0xc</size>
      </object_component>
      <object_component id="oc-5b9">
         <name>.cinit..neardata.load</name>
         <load_address>0x813c58</load_address>
         <run_address>0x813c58</run_address>
         <size>0x9</size>
      </object_component>
      <object_component id="oc-5ba">
         <name>.cinit..bss.load</name>
         <load_address>0x813c64</load_address>
         <run_address>0x813c64</run_address>
         <size>0x8</size>
      </object_component>
      <object_component id="oc-5bb">
         <name>.cinit..far.load</name>
         <load_address>0x813c6c</load_address>
         <run_address>0x813c6c</run_address>
         <size>0x8</size>
      </object_component>
      <object_component id="oc-5b8">
         <name>__TI_cinit_table</name>
         <load_address>0x813c74</load_address>
         <run_address>0x813c74</run_address>
         <size>0x20</size>
      </object_component>
      <object_component id="oc-579">
         <name>.cio</name>
         <uninitialized>true</uninitialized>
         <run_address>0x813a38</run_address>
         <size>0x120</size>
         <input_file_ref idref="fl-ab"/>
      </object_component>
      <object_component id="oc-d2">
         <name>.const:.string</name>
         <load_address>0x813280</load_address>
         <run_address>0x813280</run_address>
         <size>0x224</size>
         <input_file_ref idref="fl-3"/>
      </object_component>
      <object_component id="oc-469">
         <name>.const:.string:_ctypes_</name>
         <load_address>0x8134a8</load_address>
         <run_address>0x8134a8</run_address>
         <size>0x101</size>
         <input_file_ref idref="fl-9d"/>
      </object_component>
      <object_component id="oc-445">
         <name>.const:.string</name>
         <load_address>0x8135a9</load_address>
         <run_address>0x8135a9</run_address>
         <size>0x23</size>
         <input_file_ref idref="fl-96"/>
      </object_component>
      <object_component id="oc-f7">
         <name>.switch:CSL_chipReadReg</name>
         <load_address>0x813b58</load_address>
         <run_address>0x813b58</run_address>
         <size>0x70</size>
         <input_file_ref idref="fl-b4"/>
      </object_component>
      <object_component id="oc-31">
         <name>.sysmem</name>
         <uninitialized>true</uninitialized>
         <run_address>0xc000000</run_address>
         <size>0x8</size>
         <input_file_ref idref="fl-b1"/>
      </object_component>
      <object_component id="oc-5be">
         <name>.sysmem</name>
         <uninitialized>true</uninitialized>
         <run_address>0xc000000</run_address>
         <size>0x0</size>
      </object_component>
      <object_component id="oc-549">
         <name>.far</name>
         <uninitialized>true</uninitialized>
         <run_address>0x8138f0</run_address>
         <size>0x140</size>
         <input_file_ref idref="fl-9e"/>
      </object_component>
      <object_component id="oc-552">
         <name>.far</name>
         <uninitialized>true</uninitialized>
         <run_address>0x813a30</run_address>
         <size>0x8</size>
         <input_file_ref idref="fl-aa"/>
      </object_component>
      <object_component id="oc-79">
         <name>.fardata</name>
         <load_address>0x8138c8</load_address>
         <run_address>0x8138c8</run_address>
         <size>0xc</size>
         <input_file_ref idref="fl-8d"/>
      </object_component>
      <object_component id="oc-126">
         <name>.fardata</name>
         <load_address>0x8138e0</load_address>
         <run_address>0x8138e0</run_address>
         <size>0x8</size>
         <input_file_ref idref="fl-95"/>
      </object_component>
      <object_component id="oc-128">
         <name>.fardata:_ftable</name>
         <load_address>0x8135d0</load_address>
         <run_address>0x8135d0</run_address>
         <size>0x1e0</size>
         <input_file_ref idref="fl-9e"/>
      </object_component>
      <object_component id="oc-45c">
         <name>.fardata:_stream</name>
         <load_address>0x8137b0</load_address>
         <run_address>0x8137b0</run_address>
         <size>0xa0</size>
         <input_file_ref idref="fl-a5"/>
      </object_component>
      <object_component id="oc-4ab">
         <name>.fardata:_device</name>
         <load_address>0x813850</load_address>
         <run_address>0x813850</run_address>
         <size>0x78</size>
         <input_file_ref idref="fl-a5"/>
      </object_component>
      <object_component id="oc-4f3">
         <name>.fardata</name>
         <load_address>0x8138e8</load_address>
         <run_address>0x8138e8</run_address>
         <size>0x4</size>
         <input_file_ref idref="fl-9e"/>
      </object_component>
      <object_component id="oc-4fa">
         <name>.fardata</name>
         <load_address>0x8138d4</load_address>
         <run_address>0x8138d4</run_address>
         <size>0xc</size>
         <input_file_ref idref="fl-b1"/>
      </object_component>
      <object_component id="oc-20">
         <name>.debug_info</name>
         <load_address>0x0</load_address>
         <run_address>0x0</run_address>
         <size>0x110</size>
         <input_file_ref idref="fl-88"/>
      </object_component>
      <object_component id="oc-24">
         <name>.debug_info</name>
         <load_address>0x110</load_address>
         <run_address>0x110</run_address>
         <size>0x14f</size>
         <input_file_ref idref="fl-89"/>
      </object_component>
      <object_component id="oc-28">
         <name>.debug_info</name>
         <load_address>0x25f</load_address>
         <run_address>0x25f</run_address>
         <size>0x190</size>
         <input_file_ref idref="fl-8b"/>
      </object_component>
      <object_component id="oc-2c">
         <name>.debug_info</name>
         <load_address>0x3ef</load_address>
         <run_address>0x3ef</run_address>
         <size>0x16c</size>
         <input_file_ref idref="fl-8a"/>
      </object_component>
      <object_component id="oc-30">
         <name>.debug_info</name>
         <load_address>0x55b</load_address>
         <run_address>0x55b</run_address>
         <size>0xa7</size>
         <input_file_ref idref="fl-88"/>
      </object_component>
      <object_component id="oc-32">
         <name>.debug_info</name>
         <load_address>0x602</load_address>
         <run_address>0x602</run_address>
         <size>0xb3</size>
         <input_file_ref idref="fl-b1"/>
      </object_component>
      <object_component id="oc-34">
         <name>.debug_info</name>
         <load_address>0x6b5</load_address>
         <run_address>0x6b5</run_address>
         <size>0x190</size>
         <input_file_ref idref="fl-9a"/>
      </object_component>
      <object_component id="oc-38">
         <name>.debug_info</name>
         <load_address>0x845</load_address>
         <run_address>0x845</run_address>
         <size>0xf6</size>
         <input_file_ref idref="fl-98"/>
      </object_component>
      <object_component id="oc-3c">
         <name>.debug_info</name>
         <load_address>0x93b</load_address>
         <run_address>0x93b</run_address>
         <size>0x10c</size>
         <input_file_ref idref="fl-8d"/>
      </object_component>
      <object_component id="oc-41">
         <name>.debug_info</name>
         <load_address>0xa47</load_address>
         <run_address>0xa47</run_address>
         <size>0xd6</size>
         <input_file_ref idref="fl-90"/>
      </object_component>
      <object_component id="oc-45">
         <name>.debug_info</name>
         <load_address>0xb1d</load_address>
         <run_address>0xb1d</run_address>
         <size>0x53</size>
         <input_file_ref idref="fl-89"/>
      </object_component>
      <object_component id="oc-4b">
         <name>.debug_info</name>
         <load_address>0xb70</load_address>
         <run_address>0xb70</run_address>
         <size>0x53</size>
         <input_file_ref idref="fl-8b"/>
      </object_component>
      <object_component id="oc-51">
         <name>.debug_info</name>
         <load_address>0xbc3</load_address>
         <run_address>0xbc3</run_address>
         <size>0x2f2</size>
         <input_file_ref idref="fl-8a"/>
      </object_component>
      <object_component id="oc-55">
         <name>.debug_info</name>
         <load_address>0xeb5</load_address>
         <run_address>0xeb5</run_address>
         <size>0x1d7</size>
         <input_file_ref idref="fl-8a"/>
      </object_component>
      <object_component id="oc-56">
         <name>.debug_info</name>
         <load_address>0x108c</load_address>
         <run_address>0x108c</run_address>
         <size>0x46</size>
         <input_file_ref idref="fl-8a"/>
      </object_component>
      <object_component id="oc-5d">
         <name>.debug_info</name>
         <load_address>0x10d2</load_address>
         <run_address>0x10d2</run_address>
         <size>0x10a</size>
         <input_file_ref idref="fl-88"/>
      </object_component>
      <object_component id="oc-60">
         <name>.debug_info</name>
         <load_address>0x11dc</load_address>
         <run_address>0x11dc</run_address>
         <size>0x147</size>
         <input_file_ref idref="fl-b1"/>
      </object_component>
      <object_component id="oc-62">
         <name>.debug_info</name>
         <load_address>0x1323</load_address>
         <run_address>0x1323</run_address>
         <size>0x18e</size>
         <input_file_ref idref="fl-9c"/>
      </object_component>
      <object_component id="oc-66">
         <name>.debug_info</name>
         <load_address>0x14b1</load_address>
         <run_address>0x14b1</run_address>
         <size>0x164</size>
         <input_file_ref idref="fl-a8"/>
      </object_component>
      <object_component id="oc-6a">
         <name>.debug_info</name>
         <load_address>0x1615</load_address>
         <run_address>0x1615</run_address>
         <size>0x15f</size>
         <input_file_ref idref="fl-9b"/>
      </object_component>
      <object_component id="oc-6f">
         <name>.debug_info</name>
         <load_address>0x1774</load_address>
         <run_address>0x1774</run_address>
         <size>0x959</size>
         <input_file_ref idref="fl-3"/>
      </object_component>
      <object_component id="oc-74">
         <name>.debug_info</name>
         <load_address>0x20cd</load_address>
         <run_address>0x20cd</run_address>
         <size>0x94</size>
         <input_file_ref idref="fl-88"/>
      </object_component>
      <object_component id="oc-7a">
         <name>.debug_info</name>
         <load_address>0x2161</load_address>
         <run_address>0x2161</run_address>
         <size>0x127</size>
         <input_file_ref idref="fl-8d"/>
      </object_component>
      <object_component id="oc-7c">
         <name>.debug_info</name>
         <load_address>0x2288</load_address>
         <run_address>0x2288</run_address>
         <size>0x11e</size>
         <input_file_ref idref="fl-8d"/>
      </object_component>
      <object_component id="oc-80">
         <name>.debug_info</name>
         <load_address>0x23a6</load_address>
         <run_address>0x23a6</run_address>
         <size>0x8d</size>
         <input_file_ref idref="fl-89"/>
      </object_component>
      <object_component id="oc-86">
         <name>.debug_info</name>
         <load_address>0x2433</load_address>
         <run_address>0x2433</run_address>
         <size>0x46</size>
         <input_file_ref idref="fl-89"/>
      </object_component>
      <object_component id="oc-8b">
         <name>.debug_info</name>
         <load_address>0x2479</load_address>
         <run_address>0x2479</run_address>
         <size>0xe5</size>
         <input_file_ref idref="fl-89"/>
      </object_component>
      <object_component id="oc-8c">
         <name>.debug_info</name>
         <load_address>0x255e</load_address>
         <run_address>0x255e</run_address>
         <size>0x2c</size>
         <input_file_ref idref="fl-8a"/>
      </object_component>
      <object_component id="oc-91">
         <name>.debug_info</name>
         <load_address>0x258a</load_address>
         <run_address>0x258a</run_address>
         <size>0x1cd</size>
         <input_file_ref idref="fl-8b"/>
      </object_component>
      <object_component id="oc-97">
         <name>.debug_info</name>
         <load_address>0x2757</load_address>
         <run_address>0x2757</run_address>
         <size>0x1d9</size>
         <input_file_ref idref="fl-88"/>
      </object_component>
      <object_component id="oc-9e">
         <name>.debug_info</name>
         <load_address>0x2930</load_address>
         <run_address>0x2930</run_address>
         <size>0xf6</size>
         <input_file_ref idref="fl-8d"/>
      </object_component>
      <object_component id="oc-a3">
         <name>.debug_info</name>
         <load_address>0x2a26</load_address>
         <run_address>0x2a26</run_address>
         <size>0x70</size>
         <input_file_ref idref="fl-b1"/>
      </object_component>
      <object_component id="oc-a9">
         <name>.debug_info</name>
         <load_address>0x2a96</load_address>
         <run_address>0x2a96</run_address>
         <size>0x140</size>
         <input_file_ref idref="fl-9c"/>
      </object_component>
      <object_component id="oc-ab">
         <name>.debug_info</name>
         <load_address>0x2bd6</load_address>
         <run_address>0x2bd6</run_address>
         <size>0x253</size>
         <input_file_ref idref="fl-a8"/>
      </object_component>
      <object_component id="oc-ae">
         <name>.debug_info</name>
         <load_address>0x2e29</load_address>
         <run_address>0x2e29</run_address>
         <size>0x1e7</size>
         <input_file_ref idref="fl-b4"/>
      </object_component>
      <object_component id="oc-b2">
         <name>.debug_info</name>
         <load_address>0x3010</load_address>
         <run_address>0x3010</run_address>
         <size>0xa2a</size>
         <input_file_ref idref="fl-e"/>
      </object_component>
      <object_component id="oc-b7">
         <name>.debug_info</name>
         <load_address>0x3a3a</load_address>
         <run_address>0x3a3a</run_address>
         <size>0x127</size>
         <input_file_ref idref="fl-93"/>
      </object_component>
      <object_component id="oc-bb">
         <name>.debug_info</name>
         <load_address>0x3b61</load_address>
         <run_address>0x3b61</run_address>
         <size>0xff1</size>
         <input_file_ref idref="fl-f"/>
      </object_component>
      <object_component id="oc-c0">
         <name>.debug_info</name>
         <load_address>0x4b52</load_address>
         <run_address>0x4b52</run_address>
         <size>0x66e</size>
         <input_file_ref idref="fl-d"/>
      </object_component>
      <object_component id="oc-c5">
         <name>.debug_info</name>
         <load_address>0x51c0</load_address>
         <run_address>0x51c0</run_address>
         <size>0x217a</size>
         <input_file_ref idref="fl-2"/>
      </object_component>
      <object_component id="oc-ca">
         <name>.debug_info</name>
         <load_address>0x733a</load_address>
         <run_address>0x733a</run_address>
         <size>0x3b5c</size>
         <input_file_ref idref="fl-10"/>
      </object_component>
      <object_component id="oc-cf">
         <name>.debug_info</name>
         <load_address>0xae96</load_address>
         <run_address>0xae96</run_address>
         <size>0x1e8</size>
         <input_file_ref idref="fl-8e"/>
      </object_component>
      <object_component id="oc-d4">
         <name>.debug_info</name>
         <load_address>0xb07e</load_address>
         <run_address>0xb07e</run_address>
         <size>0x179</size>
         <input_file_ref idref="fl-3"/>
      </object_component>
      <object_component id="oc-d6">
         <name>.debug_info</name>
         <load_address>0xb1f7</load_address>
         <run_address>0xb1f7</run_address>
         <size>0x94</size>
         <input_file_ref idref="fl-2"/>
      </object_component>
      <object_component id="oc-db">
         <name>.debug_info</name>
         <load_address>0xb28b</load_address>
         <run_address>0xb28b</run_address>
         <size>0xbb</size>
         <input_file_ref idref="fl-2"/>
      </object_component>
      <object_component id="oc-e0">
         <name>.debug_info</name>
         <load_address>0xb346</load_address>
         <run_address>0xb346</run_address>
         <size>0x1122</size>
         <input_file_ref idref="fl-3"/>
      </object_component>
      <object_component id="oc-e1">
         <name>.debug_info</name>
         <load_address>0xc468</load_address>
         <run_address>0xc468</run_address>
         <size>0x11a</size>
         <input_file_ref idref="fl-2"/>
      </object_component>
      <object_component id="oc-e8">
         <name>.debug_info</name>
         <load_address>0xc582</load_address>
         <run_address>0xc582</run_address>
         <size>0x105</size>
         <input_file_ref idref="fl-8d"/>
      </object_component>
      <object_component id="oc-f0">
         <name>.debug_info</name>
         <load_address>0xc687</load_address>
         <run_address>0xc687</run_address>
         <size>0xcd</size>
         <input_file_ref idref="fl-9c"/>
      </object_component>
      <object_component id="oc-f9">
         <name>.debug_info</name>
         <load_address>0xc754</load_address>
         <run_address>0xc754</run_address>
         <size>0x34c</size>
         <input_file_ref idref="fl-b4"/>
      </object_component>
      <object_component id="oc-fe">
         <name>.debug_info</name>
         <load_address>0xcaa0</load_address>
         <run_address>0xcaa0</run_address>
         <size>0x144</size>
         <input_file_ref idref="fl-b4"/>
      </object_component>
      <object_component id="oc-104">
         <name>.debug_info</name>
         <load_address>0xcbe4</load_address>
         <run_address>0xcbe4</run_address>
         <size>0x163</size>
         <input_file_ref idref="fl-91"/>
      </object_component>
      <object_component id="oc-108">
         <name>.debug_info</name>
         <load_address>0xcd47</load_address>
         <run_address>0xcd47</run_address>
         <size>0xc9</size>
         <input_file_ref idref="fl-8c"/>
      </object_component>
      <object_component id="oc-10c">
         <name>.debug_info</name>
         <load_address>0xce10</load_address>
         <run_address>0xce10</run_address>
         <size>0xbb</size>
         <input_file_ref idref="fl-d"/>
      </object_component>
      <object_component id="oc-111">
         <name>.debug_info</name>
         <load_address>0xcecb</load_address>
         <run_address>0xcecb</run_address>
         <size>0x94</size>
         <input_file_ref idref="fl-d"/>
      </object_component>
      <object_component id="oc-116">
         <name>.debug_info</name>
         <load_address>0xcf5f</load_address>
         <run_address>0xcf5f</run_address>
         <size>0x11a</size>
         <input_file_ref idref="fl-d"/>
      </object_component>
      <object_component id="oc-11b">
         <name>.debug_info</name>
         <load_address>0xd079</load_address>
         <run_address>0xd079</run_address>
         <size>0xda</size>
         <input_file_ref idref="fl-e"/>
      </object_component>
      <object_component id="oc-120">
         <name>.debug_info</name>
         <load_address>0xd153</load_address>
         <run_address>0xd153</run_address>
         <size>0x1d9</size>
         <input_file_ref idref="fl-d"/>
      </object_component>
      <object_component id="oc-125">
         <name>.debug_info</name>
         <load_address>0xd32c</load_address>
         <run_address>0xd32c</run_address>
         <size>0xdaf</size>
         <input_file_ref idref="fl-e"/>
      </object_component>
      <object_component id="oc-127">
         <name>.debug_info</name>
         <load_address>0xe0db</load_address>
         <run_address>0xe0db</run_address>
         <size>0xc5</size>
         <input_file_ref idref="fl-95"/>
      </object_component>
      <object_component id="oc-129">
         <name>.debug_info</name>
         <load_address>0xe1a0</load_address>
         <run_address>0xe1a0</run_address>
         <size>0xa9</size>
         <input_file_ref idref="fl-9e"/>
      </object_component>
      <object_component id="oc-12b">
         <name>.debug_info</name>
         <load_address>0xe249</load_address>
         <run_address>0xe249</run_address>
         <size>0x10b</size>
         <input_file_ref idref="fl-93"/>
      </object_component>
      <object_component id="oc-12f">
         <name>.debug_info</name>
         <load_address>0xe354</load_address>
         <run_address>0xe354</run_address>
         <size>0xfc</size>
         <input_file_ref idref="fl-93"/>
      </object_component>
      <object_component id="oc-133">
         <name>.debug_info</name>
         <load_address>0xe450</load_address>
         <run_address>0xe450</run_address>
         <size>0x418</size>
         <input_file_ref idref="fl-96"/>
      </object_component>
      <object_component id="oc-137">
         <name>.debug_info</name>
         <load_address>0xe868</load_address>
         <run_address>0xe868</run_address>
         <size>0x1e3</size>
         <input_file_ref idref="fl-93"/>
      </object_component>
      <object_component id="oc-139">
         <name>.debug_info</name>
         <load_address>0xea4b</load_address>
         <run_address>0xea4b</run_address>
         <size>0xd6c</size>
         <input_file_ref idref="fl-d"/>
      </object_component>
      <object_component id="oc-13e">
         <name>.debug_info</name>
         <load_address>0xf7b7</load_address>
         <run_address>0xf7b7</run_address>
         <size>0x2a6</size>
         <input_file_ref idref="fl-d"/>
      </object_component>
      <object_component id="oc-143">
         <name>.debug_info</name>
         <load_address>0xfa5d</load_address>
         <run_address>0xfa5d</run_address>
         <size>0xe7</size>
         <input_file_ref idref="fl-d"/>
      </object_component>
      <object_component id="oc-148">
         <name>.debug_info</name>
         <load_address>0xfb44</load_address>
         <run_address>0xfb44</run_address>
         <size>0xd86</size>
         <input_file_ref idref="fl-f"/>
      </object_component>
      <object_component id="oc-14a">
         <name>.debug_info</name>
         <load_address>0x108ca</load_address>
         <run_address>0x108ca</run_address>
         <size>0x125</size>
         <input_file_ref idref="fl-b5"/>
      </object_component>
      <object_component id="oc-14f">
         <name>.debug_info</name>
         <load_address>0x109ef</load_address>
         <run_address>0x109ef</run_address>
         <size>0x13f</size>
         <input_file_ref idref="fl-2"/>
      </object_component>
      <object_component id="oc-151">
         <name>.debug_info</name>
         <load_address>0x10b2e</load_address>
         <run_address>0x10b2e</run_address>
         <size>0xddd</size>
         <input_file_ref idref="fl-2"/>
      </object_component>
      <object_component id="oc-152">
         <name>.debug_info</name>
         <load_address>0x1190b</load_address>
         <run_address>0x1190b</run_address>
         <size>0x1d9</size>
         <input_file_ref idref="fl-2"/>
      </object_component>
      <object_component id="oc-158">
         <name>.debug_info</name>
         <load_address>0x11ae4</load_address>
         <run_address>0x11ae4</run_address>
         <size>0xc9</size>
         <input_file_ref idref="fl-94"/>
      </object_component>
      <object_component id="oc-15c">
         <name>.debug_info</name>
         <load_address>0x11bad</load_address>
         <run_address>0x11bad</run_address>
         <size>0xd97</size>
         <input_file_ref idref="fl-10"/>
      </object_component>
      <object_component id="oc-15d">
         <name>.debug_info</name>
         <load_address>0x12944</load_address>
         <run_address>0x12944</run_address>
         <size>0x106</size>
         <input_file_ref idref="fl-d"/>
      </object_component>
      <object_component id="oc-163">
         <name>.debug_info</name>
         <load_address>0x12a4a</load_address>
         <run_address>0x12a4a</run_address>
         <size>0x11f</size>
         <input_file_ref idref="fl-8f"/>
      </object_component>
      <object_component id="oc-167">
         <name>.debug_info</name>
         <load_address>0x12b69</load_address>
         <run_address>0x12b69</run_address>
         <size>0x10d</size>
         <input_file_ref idref="fl-8e"/>
      </object_component>
      <object_component id="oc-16b">
         <name>.debug_info</name>
         <load_address>0x12c76</load_address>
         <run_address>0x12c76</run_address>
         <size>0x11b</size>
         <input_file_ref idref="fl-8f"/>
      </object_component>
      <object_component id="oc-173">
         <name>.debug_info</name>
         <load_address>0x12d91</load_address>
         <run_address>0x12d91</run_address>
         <size>0x17b</size>
         <input_file_ref idref="fl-3"/>
      </object_component>
      <object_component id="oc-178">
         <name>.debug_info</name>
         <load_address>0x12f0c</load_address>
         <run_address>0x12f0c</run_address>
         <size>0x598</size>
         <input_file_ref idref="fl-2"/>
      </object_component>
      <object_component id="oc-17d">
         <name>.debug_info</name>
         <load_address>0x134a4</load_address>
         <run_address>0x134a4</run_address>
         <size>0x16f</size>
         <input_file_ref idref="fl-2"/>
      </object_component>
      <object_component id="oc-182">
         <name>.debug_info</name>
         <load_address>0x13613</load_address>
         <run_address>0x13613</run_address>
         <size>0x6bd</size>
         <input_file_ref idref="fl-3"/>
      </object_component>
      <object_component id="oc-187">
         <name>.debug_info</name>
         <load_address>0x13cd0</load_address>
         <run_address>0x13cd0</run_address>
         <size>0x13d</size>
         <input_file_ref idref="fl-2"/>
      </object_component>
      <object_component id="oc-18c">
         <name>.debug_info</name>
         <load_address>0x13e0d</load_address>
         <run_address>0x13e0d</run_address>
         <size>0x17b</size>
         <input_file_ref idref="fl-2"/>
      </object_component>
      <object_component id="oc-191">
         <name>.debug_info</name>
         <load_address>0x13f88</load_address>
         <run_address>0x13f88</run_address>
         <size>0x17a</size>
         <input_file_ref idref="fl-2"/>
      </object_component>
      <object_component id="oc-196">
         <name>.debug_info</name>
         <load_address>0x14102</load_address>
         <run_address>0x14102</run_address>
         <size>0x15b</size>
         <input_file_ref idref="fl-2"/>
      </object_component>
      <object_component id="oc-19b">
         <name>.debug_info</name>
         <load_address>0x1425d</load_address>
         <run_address>0x1425d</run_address>
         <size>0x179</size>
         <input_file_ref idref="fl-2"/>
      </object_component>
      <object_component id="oc-1a0">
         <name>.debug_info</name>
         <load_address>0x143d6</load_address>
         <run_address>0x143d6</run_address>
         <size>0x1d3</size>
         <input_file_ref idref="fl-3"/>
      </object_component>
      <object_component id="oc-1a5">
         <name>.debug_info</name>
         <load_address>0x145a9</load_address>
         <run_address>0x145a9</run_address>
         <size>0x250</size>
         <input_file_ref idref="fl-3"/>
      </object_component>
      <object_component id="oc-1aa">
         <name>.debug_info</name>
         <load_address>0x147f9</load_address>
         <run_address>0x147f9</run_address>
         <size>0x1da</size>
         <input_file_ref idref="fl-3"/>
      </object_component>
      <object_component id="oc-1af">
         <name>.debug_info</name>
         <load_address>0x149d3</load_address>
         <run_address>0x149d3</run_address>
         <size>0x479</size>
         <input_file_ref idref="fl-3"/>
      </object_component>
      <object_component id="oc-1b4">
         <name>.debug_info</name>
         <load_address>0x14e4c</load_address>
         <run_address>0x14e4c</run_address>
         <size>0x1be6</size>
         <input_file_ref idref="fl-3"/>
      </object_component>
      <object_component id="oc-1b9">
         <name>.debug_info</name>
         <load_address>0x16a32</load_address>
         <run_address>0x16a32</run_address>
         <size>0x1f7</size>
         <input_file_ref idref="fl-3"/>
      </object_component>
      <object_component id="oc-1be">
         <name>.debug_info</name>
         <load_address>0x16c29</load_address>
         <run_address>0x16c29</run_address>
         <size>0x357</size>
         <input_file_ref idref="fl-3"/>
      </object_component>
      <object_component id="oc-1c3">
         <name>.debug_info</name>
         <load_address>0x16f80</load_address>
         <run_address>0x16f80</run_address>
         <size>0x37c</size>
         <input_file_ref idref="fl-3"/>
      </object_component>
      <object_component id="oc-1c8">
         <name>.debug_info</name>
         <load_address>0x172fc</load_address>
         <run_address>0x172fc</run_address>
         <size>0xb68</size>
         <input_file_ref idref="fl-3"/>
      </object_component>
      <object_component id="oc-1cd">
         <name>.debug_info</name>
         <load_address>0x17e64</load_address>
         <run_address>0x17e64</run_address>
         <size>0x10b</size>
         <input_file_ref idref="fl-2"/>
      </object_component>
      <object_component id="oc-1d2">
         <name>.debug_info</name>
         <load_address>0x17f6f</load_address>
         <run_address>0x17f6f</run_address>
         <size>0x62b</size>
         <input_file_ref idref="fl-2"/>
      </object_component>
      <object_component id="oc-1d7">
         <name>.debug_info</name>
         <load_address>0x1859a</load_address>
         <run_address>0x1859a</run_address>
         <size>0xb94</size>
         <input_file_ref idref="fl-3"/>
      </object_component>
      <object_component id="oc-1dc">
         <name>.debug_info</name>
         <load_address>0x1912e</load_address>
         <run_address>0x1912e</run_address>
         <size>0x100a</size>
         <input_file_ref idref="fl-2"/>
      </object_component>
      <object_component id="oc-1e1">
         <name>.debug_info</name>
         <load_address>0x1a138</load_address>
         <run_address>0x1a138</run_address>
         <size>0x4dd8</size>
         <input_file_ref idref="fl-2"/>
      </object_component>
      <object_component id="oc-1e6">
         <name>.debug_info</name>
         <load_address>0x1ef10</load_address>
         <run_address>0x1ef10</run_address>
         <size>0x144</size>
         <input_file_ref idref="fl-2"/>
      </object_component>
      <object_component id="oc-1ed">
         <name>.debug_info</name>
         <load_address>0x1f054</load_address>
         <run_address>0x1f054</run_address>
         <size>0x94</size>
         <input_file_ref idref="fl-b4"/>
      </object_component>
      <object_component id="oc-1f2">
         <name>.debug_info</name>
         <load_address>0x1f0e8</load_address>
         <run_address>0x1f0e8</run_address>
         <size>0x46</size>
         <input_file_ref idref="fl-b4"/>
      </object_component>
      <object_component id="oc-1f7">
         <name>.debug_info</name>
         <load_address>0x1f12e</load_address>
         <run_address>0x1f12e</run_address>
         <size>0x2c</size>
         <input_file_ref idref="fl-b4"/>
      </object_component>
      <object_component id="oc-1fc">
         <name>.debug_info</name>
         <load_address>0x1f15a</load_address>
         <run_address>0x1f15a</run_address>
         <size>0xfb</size>
         <input_file_ref idref="fl-b4"/>
      </object_component>
      <object_component id="oc-1fd">
         <name>.debug_info</name>
         <load_address>0x1f255</load_address>
         <run_address>0x1f255</run_address>
         <size>0x116</size>
         <input_file_ref idref="fl-b4"/>
      </object_component>
      <object_component id="oc-203">
         <name>.debug_info</name>
         <load_address>0x1f36b</load_address>
         <run_address>0x1f36b</run_address>
         <size>0x1ab</size>
         <input_file_ref idref="fl-91"/>
      </object_component>
      <object_component id="oc-205">
         <name>.debug_info</name>
         <load_address>0x1f516</load_address>
         <run_address>0x1f516</run_address>
         <size>0xdca</size>
         <input_file_ref idref="fl-d"/>
      </object_component>
      <object_component id="oc-208">
         <name>.debug_info</name>
         <load_address>0x202e0</load_address>
         <run_address>0x202e0</run_address>
         <size>0x17b</size>
         <input_file_ref idref="fl-e"/>
      </object_component>
      <object_component id="oc-20d">
         <name>.debug_info</name>
         <load_address>0x2045b</load_address>
         <run_address>0x2045b</run_address>
         <size>0x598</size>
         <input_file_ref idref="fl-e"/>
      </object_component>
      <object_component id="oc-212">
         <name>.debug_info</name>
         <load_address>0x209f3</load_address>
         <run_address>0x209f3</run_address>
         <size>0x16f</size>
         <input_file_ref idref="fl-d"/>
      </object_component>
      <object_component id="oc-217">
         <name>.debug_info</name>
         <load_address>0x20b62</load_address>
         <run_address>0x20b62</run_address>
         <size>0x6bd</size>
         <input_file_ref idref="fl-e"/>
      </object_component>
      <object_component id="oc-21c">
         <name>.debug_info</name>
         <load_address>0x2121f</load_address>
         <run_address>0x2121f</run_address>
         <size>0x13d</size>
         <input_file_ref idref="fl-e"/>
      </object_component>
      <object_component id="oc-221">
         <name>.debug_info</name>
         <load_address>0x2135c</load_address>
         <run_address>0x2135c</run_address>
         <size>0x17b</size>
         <input_file_ref idref="fl-e"/>
      </object_component>
      <object_component id="oc-226">
         <name>.debug_info</name>
         <load_address>0x214d7</load_address>
         <run_address>0x214d7</run_address>
         <size>0x17a</size>
         <input_file_ref idref="fl-e"/>
      </object_component>
      <object_component id="oc-22b">
         <name>.debug_info</name>
         <load_address>0x21651</load_address>
         <run_address>0x21651</run_address>
         <size>0x15b</size>
         <input_file_ref idref="fl-d"/>
      </object_component>
      <object_component id="oc-230">
         <name>.debug_info</name>
         <load_address>0x217ac</load_address>
         <run_address>0x217ac</run_address>
         <size>0x179</size>
         <input_file_ref idref="fl-e"/>
      </object_component>
      <object_component id="oc-235">
         <name>.debug_info</name>
         <load_address>0x21925</load_address>
         <run_address>0x21925</run_address>
         <size>0x1d3</size>
         <input_file_ref idref="fl-e"/>
      </object_component>
      <object_component id="oc-23a">
         <name>.debug_info</name>
         <load_address>0x21af8</load_address>
         <run_address>0x21af8</run_address>
         <size>0x250</size>
         <input_file_ref idref="fl-e"/>
      </object_component>
      <object_component id="oc-23f">
         <name>.debug_info</name>
         <load_address>0x21d48</load_address>
         <run_address>0x21d48</run_address>
         <size>0x1da</size>
         <input_file_ref idref="fl-e"/>
      </object_component>
      <object_component id="oc-244">
         <name>.debug_info</name>
         <load_address>0x21f22</load_address>
         <run_address>0x21f22</run_address>
         <size>0x479</size>
         <input_file_ref idref="fl-e"/>
      </object_component>
      <object_component id="oc-249">
         <name>.debug_info</name>
         <load_address>0x2239b</load_address>
         <run_address>0x2239b</run_address>
         <size>0x1be6</size>
         <input_file_ref idref="fl-e"/>
      </object_component>
      <object_component id="oc-24e">
         <name>.debug_info</name>
         <load_address>0x23f81</load_address>
         <run_address>0x23f81</run_address>
         <size>0x1f7</size>
         <input_file_ref idref="fl-e"/>
      </object_component>
      <object_component id="oc-253">
         <name>.debug_info</name>
         <load_address>0x24178</load_address>
         <run_address>0x24178</run_address>
         <size>0x357</size>
         <input_file_ref idref="fl-d"/>
      </object_component>
      <object_component id="oc-258">
         <name>.debug_info</name>
         <load_address>0x244cf</load_address>
         <run_address>0x244cf</run_address>
         <size>0x37c</size>
         <input_file_ref idref="fl-e"/>
      </object_component>
      <object_component id="oc-25d">
         <name>.debug_info</name>
         <load_address>0x2484b</load_address>
         <run_address>0x2484b</run_address>
         <size>0xb68</size>
         <input_file_ref idref="fl-e"/>
      </object_component>
      <object_component id="oc-262">
         <name>.debug_info</name>
         <load_address>0x253b3</load_address>
         <run_address>0x253b3</run_address>
         <size>0x10b</size>
         <input_file_ref idref="fl-e"/>
      </object_component>
      <object_component id="oc-267">
         <name>.debug_info</name>
         <load_address>0x254be</load_address>
         <run_address>0x254be</run_address>
         <size>0x62b</size>
         <input_file_ref idref="fl-e"/>
      </object_component>
      <object_component id="oc-26c">
         <name>.debug_info</name>
         <load_address>0x25ae9</load_address>
         <run_address>0x25ae9</run_address>
         <size>0xb94</size>
         <input_file_ref idref="fl-e"/>
      </object_component>
      <object_component id="oc-271">
         <name>.debug_info</name>
         <load_address>0x2667d</load_address>
         <run_address>0x2667d</run_address>
         <size>0x100a</size>
         <input_file_ref idref="fl-d"/>
      </object_component>
      <object_component id="oc-276">
         <name>.debug_info</name>
         <load_address>0x27687</load_address>
         <run_address>0x27687</run_address>
         <size>0x4dd8</size>
         <input_file_ref idref="fl-d"/>
      </object_component>
      <object_component id="oc-27b">
         <name>.debug_info</name>
         <load_address>0x2c45f</load_address>
         <run_address>0x2c45f</run_address>
         <size>0xc8</size>
         <input_file_ref idref="fl-d"/>
      </object_component>
      <object_component id="oc-281">
         <name>.debug_info</name>
         <load_address>0x2c527</load_address>
         <run_address>0x2c527</run_address>
         <size>0xd9</size>
         <input_file_ref idref="fl-95"/>
      </object_component>
      <object_component id="oc-286">
         <name>.debug_info</name>
         <load_address>0x2c600</load_address>
         <run_address>0x2c600</run_address>
         <size>0x99</size>
         <input_file_ref idref="fl-95"/>
      </object_component>
      <object_component id="oc-289">
         <name>.debug_info</name>
         <load_address>0x2c699</load_address>
         <run_address>0x2c699</run_address>
         <size>0xca</size>
         <input_file_ref idref="fl-9e"/>
      </object_component>
      <object_component id="oc-28b">
         <name>.debug_info</name>
         <load_address>0x2c763</load_address>
         <run_address>0x2c763</run_address>
         <size>0x3e4</size>
         <input_file_ref idref="fl-a1"/>
      </object_component>
      <object_component id="oc-290">
         <name>.debug_info</name>
         <load_address>0x2cb47</load_address>
         <run_address>0x2cb47</run_address>
         <size>0x182</size>
         <input_file_ref idref="fl-a0"/>
      </object_component>
      <object_component id="oc-295">
         <name>.debug_info</name>
         <load_address>0x2ccc9</load_address>
         <run_address>0x2ccc9</run_address>
         <size>0x1f5</size>
         <input_file_ref idref="fl-96"/>
      </object_component>
      <object_component id="oc-299">
         <name>.debug_info</name>
         <load_address>0x2cebe</load_address>
         <run_address>0x2cebe</run_address>
         <size>0x20b</size>
         <input_file_ref idref="fl-96"/>
      </object_component>
      <object_component id="oc-29d">
         <name>.debug_info</name>
         <load_address>0x2d0c9</load_address>
         <run_address>0x2d0c9</run_address>
         <size>0x224</size>
         <input_file_ref idref="fl-96"/>
      </object_component>
      <object_component id="oc-2a1">
         <name>.debug_info</name>
         <load_address>0x2d2ed</load_address>
         <run_address>0x2d2ed</run_address>
         <size>0x37b</size>
         <input_file_ref idref="fl-96"/>
      </object_component>
      <object_component id="oc-2a5">
         <name>.debug_info</name>
         <load_address>0x2d668</load_address>
         <run_address>0x2d668</run_address>
         <size>0x1e3</size>
         <input_file_ref idref="fl-96"/>
      </object_component>
      <object_component id="oc-2a6">
         <name>.debug_info</name>
         <load_address>0x2d84b</load_address>
         <run_address>0x2d84b</run_address>
         <size>0x2c</size>
         <input_file_ref idref="fl-8f"/>
      </object_component>
      <object_component id="oc-2ad">
         <name>.debug_info</name>
         <load_address>0x2d877</load_address>
         <run_address>0x2d877</run_address>
         <size>0xc8</size>
         <input_file_ref idref="fl-93"/>
      </object_component>
      <object_component id="oc-2b4">
         <name>.debug_info</name>
         <load_address>0x2d93f</load_address>
         <run_address>0x2d93f</run_address>
         <size>0x17b</size>
         <input_file_ref idref="fl-f"/>
      </object_component>
      <object_component id="oc-2b9">
         <name>.debug_info</name>
         <load_address>0x2daba</load_address>
         <run_address>0x2daba</run_address>
         <size>0x1da</size>
         <input_file_ref idref="fl-f"/>
      </object_component>
      <object_component id="oc-2be">
         <name>.debug_info</name>
         <load_address>0x2dc94</load_address>
         <run_address>0x2dc94</run_address>
         <size>0x598</size>
         <input_file_ref idref="fl-f"/>
      </object_component>
      <object_component id="oc-2c3">
         <name>.debug_info</name>
         <load_address>0x2e22c</load_address>
         <run_address>0x2e22c</run_address>
         <size>0x6bd</size>
         <input_file_ref idref="fl-f"/>
      </object_component>
      <object_component id="oc-2c8">
         <name>.debug_info</name>
         <load_address>0x2e8e9</load_address>
         <run_address>0x2e8e9</run_address>
         <size>0x13d</size>
         <input_file_ref idref="fl-f"/>
      </object_component>
      <object_component id="oc-2cd">
         <name>.debug_info</name>
         <load_address>0x2ea26</load_address>
         <run_address>0x2ea26</run_address>
         <size>0x17b</size>
         <input_file_ref idref="fl-f"/>
      </object_component>
      <object_component id="oc-2d2">
         <name>.debug_info</name>
         <load_address>0x2eba1</load_address>
         <run_address>0x2eba1</run_address>
         <size>0x17a</size>
         <input_file_ref idref="fl-f"/>
[...]
         <value>0x80b84c</value>
         <object_component_ref idref="oc-c4"/>
      </symbol>
      <symbol id="sm-1bb">
         <name>spinorflash_write_word</name>
         <value>0x80bd94</value>
         <object_component_ref idref="oc-c4"/>
      </symbol>
      <symbol id="sm-1bc">
         <name>Osal_platformSpinorflashCsExit</name>
         <value>0x80be60</value>
         <object_component_ref idref="oc-c4"/>
      </symbol>
      <symbol id="sm-1bd">
         <name>spinorflash_cmd_write</name>
         <value>0x80bc64</value>
         <object_component_ref idref="oc-c4"/>
      </symbol>
      <symbol id="sm-1be">
         <name>spinorflash_cmd</name>
         <value>0x80bb98</value>
         <object_component_ref idref="oc-c4"/>
      </symbol>
      <symbol id="sm-1bf">
         <name>C6678_Spi_Norflash_Read</name>
         <value>0x80b408</value>
         <object_component_ref idref="oc-c4"/>
      </symbol>
      <symbol id="sm-276">
         <name>average_write_speed</name>
         <value>0x813bc8</value>
         <object_component_ref idref="oc-d3"/>
      </symbol>
      <symbol id="sm-277">
         <name>main</name>
         <value>0x80d1c0</value>
         <object_component_ref idref="oc-6e"/>
      </symbol>
      <symbol id="sm-278">
         <name>test_nor</name>
         <value>0x80d2ac</value>
         <object_component_ref idref="oc-6e"/>
      </symbol>
      <symbol id="sm-279">
         <name>average_read_speed</name>
         <value>0x813bd0</value>
         <object_component_ref idref="oc-d3"/>
      </symbol>
      <symbol id="sm-331">
         <name>C6678_TimeCounter_GetLowVal</name>
         <value>0x811a48</value>
         <object_component_ref idref="oc-bf"/>
      </symbol>
      <symbol id="sm-332">
         <name>C6678_TimeCounter_Delaycycles</name>
         <value>0x811a6c</value>
         <object_component_ref idref="oc-bf"/>
      </symbol>
      <symbol id="sm-333">
         <name>C6678_TimeCounter_Enable</name>
         <value>0x811a10</value>
         <object_component_ref idref="oc-bf"/>
      </symbol>
      <symbol id="sm-334">
         <name>C6678_TimeCounter_GetHighVal</name>
         <value>0x811a24</value>
         <object_component_ref idref="oc-bf"/>
      </symbol>
      <symbol id="sm-3db">
         <name>C6678_Pll_Delay</name>
         <value>0x80bf44</value>
         <object_component_ref idref="oc-b1"/>
      </symbol>
      <symbol id="sm-3dc">
         <name>Radar_prog_pll1_values</name>
         <value>0x80c4c4</value>
         <object_component_ref idref="oc-b1"/>
      </symbol>
      <symbol id="sm-3dd">
         <name>Radar_SetPaPllConfig</name>
         <value>0x80c2e0</value>
         <object_component_ref idref="oc-b1"/>
      </symbol>
      <symbol id="sm-3de">
         <name>C6678_Pll_Init</name>
         <value>0x80bea8</value>
         <object_component_ref idref="oc-b1"/>
      </symbol>
      <symbol id="sm-3df">
         <name>Radar_CorePllcGetHwSetup</name>
         <value>0x80bf78</value>
         <object_component_ref idref="oc-b1"/>
      </symbol>
      <symbol id="sm-3e0">
         <name>Radar_CorePllcHwSetup</name>
         <value>0x80c06c</value>
         <object_component_ref idref="oc-b1"/>
      </symbol>
      <symbol id="sm-477">
         <name>C6678_Ecc_Enable</name>
         <value>0x80e22c</value>
         <object_component_ref idref="oc-ba"/>
      </symbol>
      <symbol id="sm-478">
         <name>C6678_Power_UpDomains</name>
         <value>0x80e1cc</value>
         <object_component_ref idref="oc-ba"/>
      </symbol>
      <symbol id="sm-479">
         <name>C6678_XMC_PrefetchBuffer_Inv</name>
         <value>0x80e1c4</value>
         <object_component_ref idref="oc-ba"/>
      </symbol>
      <symbol id="sm-47a">
         <name>C6678_XMC_MapSelect</name>
         <value>0x80e240</value>
         <object_component_ref idref="oc-ba"/>
      </symbol>
      <symbol id="sm-629">
         <name>C6678_Cache_InvAllL2_Wait</name>
         <value>0x80b1c0</value>
         <object_component_ref idref="oc-c9"/>
      </symbol>
      <symbol id="sm-62a">
         <name>C6678_Cache_Inv</name>
         <value>0x80a810</value>
         <object_component_ref idref="oc-c9"/>
      </symbol>
      <symbol id="sm-62b">
         <name>C6678_Cache_WbInvAllL2_Wait</name>
         <value>0x80b268</value>
         <object_component_ref idref="oc-c9"/>
      </symbol>
      <symbol id="sm-62c">
         <name>C6678_Cache_InvAllL1d</name>
         <value>0x80b084</value>
         <object_component_ref idref="oc-c9"/>
      </symbol>
      <symbol id="sm-62d">
         <name>C6678_Cache_WbInvAllL1d_Wait</name>
         <value>0x80b16c</value>
         <object_component_ref idref="oc-c9"/>
      </symbol>
      <symbol id="sm-62e">
         <name>C6678_Cache_InvAllL2</name>
         <value>0x80b178</value>
         <object_component_ref idref="oc-c9"/>
      </symbol>
      <symbol id="sm-62f">
         <name>C6678_Cache_WbInv_Wait</name>
         <value>0x80b070</value>
         <object_component_ref idref="oc-c9"/>
      </symbol>
      <symbol id="sm-630">
         <name>C6678_Cache_WbInvAllL1d</name>
         <value>0x80b128</value>
         <object_component_ref idref="oc-c9"/>
      </symbol>
      <symbol id="sm-631">
         <name>C6678_Cache_Set</name>
         <value>0x80ad48</value>
         <object_component_ref idref="oc-c9"/>
      </symbol>
      <symbol id="sm-632">
         <name>C6678_Cache_WbAllL1d_Wait</name>
         <value>0x80b118</value>
         <object_component_ref idref="oc-c9"/>
      </symbol>
      <symbol id="sm-633">
         <name>C6678_Cache_Wb</name>
         <value>0x80aa54</value>
         <object_component_ref idref="oc-c9"/>
      </symbol>
      <symbol id="sm-634">
         <name>C6678_Cache_Freeze</name>
         <value>0x80ac98</value>
         <object_component_ref idref="oc-c9"/>
      </symbol>
      <symbol id="sm-635">
         <name>C6678_Cache_WbAllL2</name>
         <value>0x80b1cc</value>
         <object_component_ref idref="oc-c9"/>
      </symbol>
      <symbol id="sm-636">
         <name>C6678_Cache_WbAllL1d</name>
         <value>0x80b0d4</value>
         <object_component_ref idref="oc-c9"/>
      </symbol>
      <symbol id="sm-637">
         <name>C6678_Cache_Inv_Wait</name>
         <value>0x80ae0c</value>
         <object_component_ref idref="oc-c9"/>
      </symbol>
      <symbol id="sm-638">
         <name>C6678_Cache_Disable</name>
         <value>0x80a7f8</value>
         <object_component_ref idref="oc-c9"/>
      </symbol>
      <symbol id="sm-639">
         <name>C6678_Cache_InvAllL1d_Wait</name>
         <value>0x80b0c8</value>
         <object_component_ref idref="oc-c9"/>
      </symbol>
      <symbol id="sm-63a">
         <name>C6678_Cache_Enable</name>
         <value>0x80a7e4</value>
         <object_component_ref idref="oc-c9"/>
      </symbol>
      <symbol id="sm-63b">
         <name>C6678_Cache_Unfreeze</name>
         <value>0x80acf0</value>
         <object_component_ref idref="oc-c9"/>
      </symbol>
      <symbol id="sm-63c">
         <name>C6678_Cache_WbInvAllL2</name>
         <value>0x80b224</value>
         <object_component_ref idref="oc-c9"/>
      </symbol>
      <symbol id="sm-63d">
         <name>C6678_Cache_WbAllL2_Wait</name>
         <value>0x80b214</value>
         <object_component_ref idref="oc-c9"/>
      </symbol>
      <symbol id="sm-63e">
         <name>C6678_Cache_Wb_Wait</name>
         <value>0x80adf8</value>
         <object_component_ref idref="oc-c9"/>
      </symbol>
      <symbol id="sm-63f">
         <name>C6678_Cache_WbInv</name>
         <value>0x80ae20</value>
         <object_component_ref idref="oc-c9"/>
      </symbol>
      <symbol id="sm-65a">
         <name>_c_int00</name>
         <value>0x812d00</value>
         <object_component_ref idref="oc-1f"/>
      </symbol>
      <symbol id="sm-65b">
         <name>_stack</name>
         <value>0x800000</value>
         <object_component_ref idref="oc-2f"/>
      </symbol>
      <symbol id="sm-674">
         <name>__TI_decompress_none</name>
         <value>0x813240</value>
         <object_component_ref idref="oc-23"/>
      </symbol>
      <symbol id="sm-695">
         <name>__TI_decompress_rle24</name>
         <value>0x813260</value>
         <object_component_ref idref="oc-2b"/>
      </symbol>
      <symbol id="sm-6a5">
         <name>__TI_zero_init</name>
         <value>0x811ba0</value>
         <object_component_ref idref="oc-27"/>
      </symbol>
      <symbol id="sm-6ad">
         <name>__c6xabi_divu</name>
         <value>0x812160</value>
         <object_component_ref idref="oc-107"/>
      </symbol>
      <symbol id="sm-6ae">
         <name>__divu</name>
         <value>0x812160</value>
         <object_component_ref idref="oc-107"/>
      </symbol>
      <symbol id="sm-6cd">
         <name>C$$EXIT</name>
         <value>0x813200</value>
         <object_component_ref idref="oc-7b"/>
      </symbol>
      <symbol id="sm-6ce">
         <name>_dtors_ptr</name>
         <value>0x8138cc</value>
         <object_component_ref idref="oc-79"/>
      </symbol>
      <symbol id="sm-6cf">
         <name>abort</name>
         <value>0x813200</value>
         <object_component_ref idref="oc-7b"/>
      </symbol>
      <symbol id="sm-6d0">
         <name>_cleanup_ptr</name>
         <value>0x8138c8</value>
         <object_component_ref idref="oc-79"/>
      </symbol>
      <symbol id="sm-6d1">
         <name>exit</name>
         <value>0x8122e0</value>
         <object_component_ref idref="oc-3b"/>
      </symbol>
      <symbol id="sm-6d2">
         <name>__TI_enable_exit_profile_output</name>
         <value>0x8138d0</value>
         <object_component_ref idref="oc-79"/>
      </symbol>
      <symbol id="sm-6e5">
         <name>_subcull</name>
         <value>0x812fa0</value>
         <object_component_ref idref="oc-166"/>
      </symbol>
      <symbol id="sm-6e6">
         <name>__c6xabi_divull</name>
         <value>0x80f520</value>
         <object_component_ref idref="oc-ce"/>
      </symbol>
      <symbol id="sm-706">
         <name>__c6xabi_llshru</name>
         <value>0x812f40</value>
         <object_component_ref idref="oc-16a"/>
      </symbol>
      <symbol id="sm-707">
         <name>__c6xabi_llshl</name>
         <value>0x812c80</value>
         <object_component_ref idref="oc-162"/>
      </symbol>
      <symbol id="sm-70e">
         <name>memcpy</name>
         <value>0x812a00</value>
         <object_component_ref idref="oc-40"/>
      </symbol>
      <symbol id="sm-719">
         <name>memset</name>
         <value>0x811d60</value>
         <object_component_ref idref="oc-103"/>
      </symbol>
      <symbol id="sm-725">
         <name>__c6xabi_negll</name>
         <value>0x813180</value>
         <object_component_ref idref="oc-486"/>
      </symbol>
      <symbol id="sm-745">
         <name>printf</name>
         <value>0x811e40</value>
         <object_component_ref idref="oc-b6"/>
      </symbol>
      <symbol id="sm-74d">
         <name>__remu</name>
         <value>0x812500</value>
         <object_component_ref idref="oc-157"/>
      </symbol>
      <symbol id="sm-74e">
         <name>__c6xabi_remu</name>
         <value>0x812500</value>
         <object_component_ref idref="oc-157"/>
      </symbol>
      <symbol id="sm-75c">
         <name>_nop</name>
         <value>0x8131a0</value>
         <object_component_ref idref="oc-280"/>
      </symbol>
      <symbol id="sm-75d">
         <name>_lock</name>
         <value>0x8138e0</value>
         <object_component_ref idref="oc-126"/>
      </symbol>
      <symbol id="sm-75e">
         <name>_unlock</name>
         <value>0x8138e4</value>
         <object_component_ref idref="oc-126"/>
      </symbol>
      <symbol id="sm-8a4">
         <name>_printfi</name>
         <value>0x80d6c0</value>
         <object_component_ref idref="oc-132"/>
      </symbol>
      <symbol id="sm-8ac">
         <name>_args_main</name>
         <value>0x813140</value>
         <object_component_ref idref="oc-37"/>
      </symbol>
      <symbol id="sm-8ba">
         <name>atoi</name>
         <value>0x811900</value>
         <object_component_ref idref="oc-434"/>
      </symbol>
      <symbol id="sm-8c6">
         <name>_auto_init_elf</name>
         <value>0x811440</value>
         <object_component_ref idref="oc-33"/>
      </symbol>
      <symbol id="sm-8d0">
         <name>__TI_cpp_init</name>
         <value>0x812e80</value>
         <object_component_ref idref="oc-69"/>
      </symbol>
      <symbol id="sm-8e5">
         <name>copy_in</name>
         <value>0x811640</value>
         <object_component_ref idref="oc-61"/>
      </symbol>
      <symbol id="sm-8ee">
         <name>_ctypes_</name>
         <value>0x8134a8</value>
         <object_component_ref idref="oc-469"/>
      </symbol>
      <symbol id="sm-8ff">
         <name>_tmpnams</name>
         <value>0x8138f0</value>
         <object_component_ref idref="oc-549"/>
      </symbol>
      <symbol id="sm-900">
         <name>_ftable</name>
         <value>0x8135d0</value>
         <object_component_ref idref="oc-128"/>
      </symbol>
      <symbol id="sm-901">
         <name>_ft_end</name>
         <value>0x8138e8</value>
         <object_component_ref idref="oc-4f3"/>
      </symbol>
      <symbol id="sm-914">
         <name>__c6xabi_divd</name>
         <value>0x80c640</value>
         <object_component_ref idref="oc-4d8"/>
      </symbol>
      <symbol id="sm-934">
         <name>fputc</name>
         <value>0x80fe00</value>
         <object_component_ref idref="oc-28f"/>
      </symbol>
      <symbol id="sm-953">
         <name>fputs</name>
         <value>0x80e3e0</value>
         <object_component_ref idref="oc-28a"/>
      </symbol>
      <symbol id="sm-95a">
         <name>__c6xabi_frcmpyd_div</name>
         <value>0x812ee0</value>
         <object_component_ref idref="oc-535"/>
      </symbol>
      <symbol id="sm-963">
         <name>__c6xabi_divul</name>
         <value>0x810780</value>
         <object_component_ref idref="oc-53a"/>
      </symbol>
      <symbol id="sm-96a">
         <name>__c6xabi_isinf</name>
         <value>0x8130c0</value>
         <object_component_ref idref="oc-471"/>
      </symbol>
      <symbol id="sm-9be">
         <name>lseek</name>
         <value>0x812960</value>
         <object_component_ref idref="oc-493"/>
      </symbol>
      <symbol id="sm-9bf">
         <name>write</name>
         <value>0x812be0</value>
         <object_component_ref idref="oc-42b"/>
      </symbol>
      <symbol id="sm-9c0">
         <name>close</name>
         <value>0x811ac0</value>
         <object_component_ref idref="oc-541"/>
      </symbol>
      <symbol id="sm-9c1">
         <name>unlink</name>
         <value>0x812e00</value>
         <object_component_ref idref="oc-545"/>
      </symbol>
      <symbol id="sm-9cb">
         <name>ltoa</name>
         <value>0x811c80</value>
         <object_component_ref idref="oc-52c"/>
      </symbol>
      <symbol id="sm-9d8">
         <name>memccpy</name>
         <value>0x813000</value>
         <object_component_ref idref="oc-441"/>
      </symbol>
      <symbol id="sm-9e5">
         <name>__TI_tls_init</name>
         <value>0x8123a0</value>
         <object_component_ref idref="oc-65"/>
      </symbol>
      <symbol id="sm-a23">
         <name>HOSTrename</name>
         <value>0x8105e0</value>
         <object_component_ref idref="oc-524"/>
      </symbol>
      <symbol id="sm-a24">
         <name>HOSTclose</name>
         <value>0x812460</value>
         <object_component_ref idref="oc-510"/>
      </symbol>
      <symbol id="sm-a25">
         <name>HOSTunlink</name>
         <value>0x811fe0</value>
         <object_component_ref idref="oc-520"/>
      </symbol>
      <symbol id="sm-a26">
         <name>HOSTlseek</name>
         <value>0x811340</value>
         <object_component_ref idref="oc-51c"/>
      </symbol>
      <symbol id="sm-a27">
         <name>HOSTopen</name>
         <value>0x811740</value>
         <object_component_ref idref="oc-50c"/>
      </symbol>
      <symbol id="sm-a28">
         <name>HOSTwrite</name>
         <value>0x8120a0</value>
         <object_component_ref idref="oc-518"/>
      </symbol>
      <symbol id="sm-a29">
         <name>HOSTread</name>
         <value>0x811f20</value>
         <object_component_ref idref="oc-514"/>
      </symbol>
      <symbol id="sm-a3e">
         <name>writemsg</name>
         <value>0x813060</value>
         <object_component_ref idref="oc-554"/>
      </symbol>
      <symbol id="sm-a3f">
         <name>C$$IO$$</name>
         <value>0x8130b8</value>
         <object_component_ref idref="oc-554"/>
      </symbol>
      <symbol id="sm-a40">
         <name>__CIOBUF_</name>
         <value>0x813a38</value>
         <object_component_ref idref="oc-579"/>
      </symbol>
      <symbol id="sm-a41">
         <name>readmsg</name>
         <value>0x812d80</value>
         <object_component_ref idref="oc-558"/>
      </symbol>
      <symbol id="sm-a50">
         <name>_wrt_ok</name>
         <value>0x811540</value>
         <object_component_ref idref="oc-423"/>
      </symbol>
      <symbol id="sm-a5d">
         <name>_doflush</name>
         <value>0x812220</value>
         <object_component_ref idref="oc-427"/>
      </symbol>
      <symbol id="sm-a6e">
         <name>fseek</name>
         <value>0x811220</value>
         <object_component_ref idref="oc-450"/>
      </symbol>
      <symbol id="sm-a84">
         <name>setvbuf</name>
         <value>0x810220</value>
         <object_component_ref idref="oc-454"/>
      </symbol>
      <symbol id="sm-a8f">
         <name>_cleanup</name>
         <value>0x8125a0</value>
         <object_component_ref idref="oc-499"/>
      </symbol>
      <symbol id="sm-ae0">
         <name>_sys_memory</name>
         <value>0xc000000</value>
         <object_component_ref idref="oc-31"/>
      </symbol>
      <symbol id="sm-ae1">
         <name>free</name>
         <value>0x80f2a0</value>
         <object_component_ref idref="oc-49d"/>
      </symbol>
      <symbol id="sm-ae2">
         <name>malloc</name>
         <value>0x810aa0</value>
         <object_component_ref idref="oc-4a1"/>
      </symbol>
      <symbol id="sm-ae3">
         <name>_minit</name>
         <value>0x812780</value>
         <object_component_ref idref="oc-505"/>
      </symbol>
      <symbol id="sm-af5">
         <name>_closefile</name>
         <value>0x810fe0</value>
         <object_component_ref idref="oc-4f5"/>
      </symbol>
      <symbol id="sm-b3f">
         <name>CSL_chipReadReg</name>
         <value>0x810c20</value>
         <object_component_ref idref="oc-ad"/>
      </symbol>
      <symbol id="sm-b46">
         <name>CSL_tscEnable</name>
         <value>0x813220</value>
         <object_component_ref idref="oc-149"/>
      </symbol>
      <symbol id="sm-b47">
         <name>CSL_tscRead</name>
         <value>0x813228</value>
         <object_component_ref idref="oc-149"/>
      </symbol>
      <symbol id="sm-b48">
         <name>__TI_STATIC_BASE</name>
         <value>0x813bc8</value>
      </symbol>
      <symbol id="sm-b49">
         <name>__TI_args_main</name>
         <value>0x1</value>
      </symbol>
      <symbol id="sm-b4a">
         <name>__TI_INITARRAY_Base</name>
         <value>0x0</value>
      </symbol>
      <symbol id="sm-b4b">
         <name>__TI_INITARRAY_Limit</name>
         <value>0x0</value>
      </symbol>
      <symbol id="sm-b4c">
         <name>__TI_TLS_INIT_Base</name>
         <value>0x0</value>
      </symbol>
      <symbol id="sm-b4d">
         <name>__TI_TLS_INIT_Limit</name>
         <value>0x0</value>
      </symbol>
      <symbol id="sm-b50">
         <name>remove</name>
         <value>0x812e00</value>
      </symbol>
   </symbol_table>
</link_info>
